// Jest Snapshot v1, https://goo.gl/fbAQLP

exports[`FlightsActionSection should render correctly 1`] = `
<div
  className="flightActionsContainer"
>
  <div
    className="flightSortFilterActionContainer"
  >
    <span
      className="flight-filter-sort-action"
    >
      Filter
    </span>
    <span
      className="flight-filter-sort-action"
    >
      Sort
    </span>
  </div>
  <div
    className="flightPriceAlterContainer"
  >
    <img
      alt="Alerts"
      className="flight-action-image"
      src="notification.svg"
    />
    <span>
      Price alerts
    </span>
  </div>
</div>
`;
