// Jest Snapshot v1, https://goo.gl/fbAQLP

exports[`FlightLeg should render correctly 1`] = `
<div
  className="flight-leg"
>
  <div
    className="flight-details-row"
  >
    <img
      alt="BA"
      className="flight-carrier-img"
      src="https://s1.apideeplink.com/images/airlines/BA.png"
    />
    <div
      className="flight-time-source-dest"
    >
      <div
        className="flight-source-dest-details"
      >
        <div
          className="flight-time"
        >
          11:05
        </div>
        <div
          className="flight-code"
        >
          LHR
        </div>
      </div>
      <img
        alt="To"
        className="flight-leg-arrow-icon"
        src="right-arrow.svg"
      />
      <div
        className="flight-source-dest-details"
      >
        <div
          className="flight-time"
        >
          12:3
        </div>
        <div
          className="flight-code"
        >
          EDI
        </div>
      </div>
    </div>
    <div
      className="flight-total-duration"
    >
      <div
        className="fight-total-time"
      >
        1h 25m
      </div>
      <div
        className="flight-direct"
      >
        Direct
      </div>
    </div>
  </div>
</div>
`;
