// Jest Snapshot v1, https://goo.gl/fbAQLP

exports[`Header should render correctly 1`] = `
<header
  className="UNKNOWN"
>
  <a
    href="/"
  >
    <span
      className="UNKNOWN"
    >
      Atlavik
    </span>
    <img
      alt="Atlavik"
      className="UNKNOWN"
      src="Atlavik.svg"
    />
  </a>
</header>
`;
