// Jest Snapshot v1, https://goo.gl/fbAQLP

exports[`Header should render correctly 1`] = `
<header
  className="headerContainer"
>
  <a
    className="header-anchor"
    href="/"
  >
    <img
      alt="Atlavik"
      className="header-logo"
      src="Atlavik.svg"
    />
    <span
      className="header-company-name"
    >
      Atlavik
    </span>
  </a>
</header>
`;
